{
  "flow": "release",
  "mode": "repo",
  "repo_id": "local-repo-d44174edfe",
  "workspace_id": null,
  "agent_id": null,
  "target_root": "/mnt/data/rc57-work/linux-node22-matrix/fixture",
  "project_knowledge_root": "/mnt/data/rc57-work/linux-node22-matrix/fixture/.knowledge",
  "state_root": "/mnt/data/rc57-work/linux-node22-matrix/fixture/.knowledge",
  "branch": "master",
  "head_sha": "7644d810cf21c8e26bca0f8a8ae90910f31bf9bc",
  "started_at": "2026-08-07T00:21:13.544Z",
  "duration_total_ms": 2299,
  "steps_total": 15,
  "steps_ok": 15,
  "checks_status": "ok",
  "status": "ok",
  "overall_status": "ok",
  "warnings": [
    "agent is on main",
    "dirty workspace"
  ],
  "flow_log": ".knowledge/maintenance/flow-logs/release-2026-08-07T00-21-13-544Z-28289-a14de5e6.json",
  "flow_log_bytes": 78318,
  "flow_log_sha256": "60e8e7641fde0f542c86b61faf69c07fcf25f0a4300cbd197656383bc4eff46c",
  "flow_log_status": "written",
  "flow_log_error": null,
  "failure_code": null,
  "onboarding_follow_up": {
    "required": true,
    "reason": "upgrade_missing_completion_marker",
    "command": "node .knowledge/inspector.js",
    "note": "The system is ready. Complete First-run setup in the live Inspector for full behavior and autonomy controls.",
    "chat_message": ".knowledge is installed and already working. I opened the local Inspector for First-run setup so you can tune agent behavior, autonomy rules, and chat/report preferences for full capabilities.",
    "auto_launch": true,
    "auto_launch_disable_env": "KNOWLEDGE_FLOW_NO_OPEN=1"
  },
  "steps": [
    {
      "step": "sync",
      "command": "sync-tracked.js --scan",
      "exit": 0,
      "success": true,
      "status": "pass",
      "json_status": "ok",
      "semantic_errors": [],
      "duration_ms": 134,
      "summary": ""
    },
    {
      "step": "wiki-graph",
      "command": "build-wiki-graph.js",
      "exit": 0,
      "success": true,
      "status": "pass",
      "json_status": null,
      "semantic_errors": [],
      "duration_ms": 63,
      "summary": "12 nodes / 17 edges"
    },
    {
      "step": "lint",
      "command": "lint-wiki.js",
      "exit": 0,
      "success": true,
      "status": "pass",
      "json_status": "healthy",
      "semantic_errors": [],
      "duration_ms": 96,
      "summary": "100 /100 healthy"
    },
    {
      "step": "ext-memory",
      "command": "external-memory-status.js",
      "exit": 0,
      "success": true,
      "status": "pass",
      "json_status": null,
      "semantic_errors": [],
      "duration_ms": 74,
      "summary": "manual"
    },
    {
      "step": "routing",
      "command": "build-routing-bundle.js",
      "exit": 0,
      "success": true,
      "status": "pass",
      "json_status": null,
      "semantic_errors": [],
      "duration_ms": 113,
      "summary": "- modules"
    },
    {
      "step": "search-idx",
      "command": "build-search-index.js",
      "exit": 0,
      "success": true,
      "status": "pass",
      "json_status": null,
      "semantic_errors": [],
      "duration_ms": 96,
      "summary": "44 docs"
    },
    {
      "step": "secret-scan",
      "command": "scan-secrets.js",
      "exit": 0,
      "success": true,
      "status": "pass",
      "json_status": "clean",
      "semantic_errors": [],
      "duration_ms": 88,
      "summary": "clean / 0 findings"
    },
    {
      "step": "updates",
      "command": "check-updates.js --auto --json",
      "exit": 0,
      "success": true,
      "status": "pass",
      "json_status": "not_due",
      "semantic_errors": [],
      "duration_ms": 19,
      "summary": "not_due"
    },
    {
      "step": "doctor",
      "command": "doctor.js",
      "exit": 0,
      "success": true,
      "status": "pass",
      "json_status": "usable_with_warnings",
      "semantic_errors": [],
      "duration_ms": 179,
      "summary": "86 /100 usable_with_warnings"
    },
    {
      "step": "task-routing",
      "command": "task-routing.js refresh --all --quiet",
      "exit": 0,
      "success": true,
      "status": "pass",
      "json_status": null,
      "semantic_errors": [],
      "duration_ms": 64,
      "summary": ""
    },
    {
      "step": "inspector",
      "command": "build-visual-inspector.js",
      "exit": 0,
      "success": true,
      "status": "pass",
      "json_status": null,
      "semantic_errors": [],
      "duration_ms": 104,
      "summary": "index.html"
    },
    {
      "step": "metrics",
      "command": "collect-metrics.js",
      "exit": 0,
      "success": true,
      "status": "pass",
      "json_status": null,
      "semantic_errors": [],
      "duration_ms": 63,
      "summary": "routing scopes not comparable"
    },
    {
      "step": "pr-summary",
      "command": "generate-pr-summary.js",
      "exit": 0,
      "success": true,
      "status": "pass",
      "json_status": null,
      "semantic_errors": [],
      "duration_ms": 89,
      "summary": ""
    },
    {
      "step": "graphs",
      "command": "render-graph-execution.js",
      "exit": 0,
      "success": true,
      "status": "pass",
      "json_status": null,
      "semantic_errors": [],
      "duration_ms": 51,
      "summary": ""
    },
    {
      "step": "harness",
      "command": "evaluation-harness.js",
      "exit": 0,
      "success": true,
      "status": "pass",
      "json_status": "release_candidate",
      "semantic_errors": [],
      "duration_ms": 1059,
      "summary": ""
    }
  ]
}
