{
  "generated_at": "2026-08-07T00:21:16.095Z",
  "generated_by": "86148408c8aa-28951",
  "mode": "repo",
  "output": ".knowledge/inspector/index.html",
  "data": ".knowledge/inspector/data.json",
  "features": [
    "improved_wiki_graph",
    "per_table_filters",
    "file_links",
    "empty_states",
    "low_confidence_explanations",
    "copy_command_fallback",
    "canonical_navigation",
    "team_mode_panel",
    "routing_bundle_view",
    "pr_summary_preview",
    "pr_impact_preview",
    "external_memory_status",
    "memory_provider_cards",
    "conversion_signal_preview",
    "tabbed_navigation",
    "local_action_drawer_fallback",
    "memory_provider_runtime_boundary",
    "restore_trust_entrypoint",
    "git_branch_diagnostics",
    "shared_live_static_renderer",
    "collapsible_onboarding",
    "metric_severity_cards",
    "trust_repair_agent_prompt",
    "inspector_update_api",
    "inspector_update_apply",
    "inspector_shutdown",
    "collapsible_trust_graph",
    "graph_node_drilldown",
    "onboarding_agent_picker",
    "plain_language_outcome_panels",
    "advanced_detail_shelves",
    "inline_file_preview_drawer",
    "vscode_simple_browser_layout",
    "app_shell_renderer",
    "inspector_update_auto_check_mode",
    "inspector_startup_update_check",
    "repair_on_touch_settings",
    "repair_opportunities",
    "global_doctor_and_task_readiness"
  ]
}
